// Jest Snapshot v1, https://goo.gl/fbAQLP

exports[`Dashboard should render all dashboard components 1`] = `
<div>
  <div
    class="w-11/12 flex flex-row mx-auto mt-8 mb-4 justify-center align-middle"
    data-testid="titlebar-container"
  >
    <div
      class="flex items-center align-middle font-sans text-2xl font-bold text-gray-700 px-2 mx-auto"
      data-testid="mocks-header"
    >
      <svg
        fill="currentColor"
        height="1em"
        stroke="currentColor"
        stroke-width="0"
        viewBox="0 0 448 512"
        width="1em"
        xmlns="http://www.w3.org/2000/svg"
      >
        <path
          d="M320 448v40c0 13.255-10.745 24-24 24H24c-13.255 0-24-10.745-24-24V120c0-13.255 10.745-24 24-24h72v296c0 30.879 25.121 56 56 56h168zm0-344V0H152c-13.255 0-24 10.745-24 24v368c0 13.255 10.745 24 24 24h272c13.255 0 24-10.745 24-24V128H344c-13.2 0-24-10.8-24-24zm120.971-31.029L375.029 7.029A24 24 0 0 0 358.059 0H352v96h96v-6.059a24 24 0 0 0-7.029-16.97z"
        />
      </svg>
      <div
        class="mx-2 select-none"
      >
        Mocks
      </div>
    </div>
    <div
      class="w-5/6 flex flex-row mx-auto justify-end align-middle px-2"
      data-testid="titlebar-inner-container"
    >
      <input
        class="w-full my-2 mx-4 p-2 outline-none rounded-md border-2 border-gray-300 bg-white placeholder:italic placeholder:text-slate-400 sm:text-sm hidden"
        data-testid="mocks-search-field-input"
        placeholder="Search"
      />
    </div>
  </div>
  <div
    class="w-11/12 flex flex-row mx-auto mt-6 mb-4 justify-center align-middle px-2 md:items-center"
    data-testid="toolbar-container"
  >
    <button
      class="flex items-center justify-center gap-1 mx-auto shadow-md rounded-md text-center text-base font-semibold cursor-pointer hover:brightness-110 px-9 py-3 h-10 mx-4 my-2 rounded-sm text-sm border-2 border-gray-400 hover:bg-black hover:bg-opacity-5 focus:outline-none focus:ring-0 transition duration-150 ease-in-out md:my-2 text-gray-500 w-fit bg-white"
      data-testid="more-tools-btn"
      id="more-tools-btn"
    >
      <svg
        fill="currentColor"
        height="1em"
        stroke="currentColor"
        stroke-width="0"
        viewBox="0 0 640 512"
        width="1em"
        xmlns="http://www.w3.org/2000/svg"
      >
        <path
          d="M512.1 191l-8.2 14.3c-3 5.3-9.4 7.5-15.1 5.4-11.8-4.4-22.6-10.7-32.1-18.6-4.6-3.8-5.8-10.5-2.8-15.7l8.2-14.3c-6.9-8-12.3-17.3-15.9-27.4h-16.5c-6 0-11.2-4.3-12.2-10.3-2-12-2.1-24.6 0-37.1 1-6 6.2-10.4 12.2-10.4h16.5c3.6-10.1 9-19.4 15.9-27.4l-8.2-14.3c-3-5.2-1.9-11.9 2.8-15.7 9.5-7.9 20.4-14.2 32.1-18.6 5.7-2.1 12.1.1 15.1 5.4l8.2 14.3c10.5-1.9 21.2-1.9 31.7 0L552 6.3c3-5.3 9.4-7.5 15.1-5.4 11.8 4.4 22.6 10.7 32.1 18.6 4.6 3.8 5.8 10.5 2.8 15.7l-8.2 14.3c6.9 8 12.3 17.3 15.9 27.4h16.5c6 0 11.2 4.3 12.2 10.3 2 12 2.1 24.6 0 37.1-1 6-6.2 10.4-12.2 10.4h-16.5c-3.6 10.1-9 19.4-15.9 27.4l8.2 14.3c3 5.2 1.9 11.9-2.8 15.7-9.5 7.9-20.4 14.2-32.1 18.6-5.7 2.1-12.1-.1-15.1-5.4l-8.2-14.3c-10.4 1.9-21.2 1.9-31.7 0zm-10.5-58.8c38.5 29.6 82.4-14.3 52.8-52.8-38.5-29.7-82.4 14.3-52.8 52.8zM386.3 286.1l33.7 16.8c10.1 5.8 14.5 18.1 10.5 29.1-8.9 24.2-26.4 46.4-42.6 65.8-7.4 8.9-20.2 11.1-30.3 5.3l-29.1-16.8c-16 13.7-34.6 24.6-54.9 31.7v33.6c0 11.6-8.3 21.6-19.7 23.6-24.6 4.2-50.4 4.4-75.9 0-11.5-2-20-11.9-20-23.6V418c-20.3-7.2-38.9-18-54.9-31.7L74 403c-10 5.8-22.9 3.6-30.3-5.3-16.2-19.4-33.3-41.6-42.2-65.7-4-10.9.4-23.2 10.5-29.1l33.3-16.8c-3.9-20.9-3.9-42.4 0-63.4L12 205.8c-10.1-5.8-14.6-18.1-10.5-29 8.9-24.2 26-46.4 42.2-65.8 7.4-8.9 20.2-11.1 30.3-5.3l29.1 16.8c16-13.7 34.6-24.6 54.9-31.7V57.1c0-11.5 8.2-21.5 19.6-23.5 24.6-4.2 50.5-4.4 76-.1 11.5 2 20 11.9 20 23.6v33.6c20.3 7.2 38.9 18 54.9 31.7l29.1-16.8c10-5.8 22.9-3.6 30.3 5.3 16.2 19.4 33.2 41.6 42.1 65.8 4 10.9.1 23.2-10 29.1l-33.7 16.8c3.9 21 3.9 42.5 0 63.5zm-117.6 21.1c59.2-77-28.7-164.9-105.7-105.7-59.2 77 28.7 164.9 105.7 105.7zm243.4 182.7l-8.2 14.3c-3 5.3-9.4 7.5-15.1 5.4-11.8-4.4-22.6-10.7-32.1-18.6-4.6-3.8-5.8-10.5-2.8-15.7l8.2-14.3c-6.9-8-12.3-17.3-15.9-27.4h-16.5c-6 0-11.2-4.3-12.2-10.3-2-12-2.1-24.6 0-37.1 1-6 6.2-10.4 12.2-10.4h16.5c3.6-10.1 9-19.4 15.9-27.4l-8.2-14.3c-3-5.2-1.9-11.9 2.8-15.7 9.5-7.9 20.4-14.2 32.1-18.6 5.7-2.1 12.1.1 15.1 5.4l8.2 14.3c10.5-1.9 21.2-1.9 31.7 0l8.2-14.3c3-5.3 9.4-7.5 15.1-5.4 11.8 4.4 22.6 10.7 32.1 18.6 4.6 3.8 5.8 10.5 2.8 15.7l-8.2 14.3c6.9 8 12.3 17.3 15.9 27.4h16.5c6 0 11.2 4.3 12.2 10.3 2 12 2.1 24.6 0 37.1-1 6-6.2 10.4-12.2 10.4h-16.5c-3.6 10.1-9 19.4-15.9 27.4l8.2 14.3c3 5.2 1.9 11.9-2.8 15.7-9.5 7.9-20.4 14.2-32.1 18.6-5.7 2.1-12.1-.1-15.1-5.4l-8.2-14.3c-10.4 1.9-21.2 1.9-31.7 0zM501.6 431c38.5 29.6 82.4-14.3 52.8-52.8-38.5-29.6-82.4 14.3-52.8 52.8z"
        />
      </svg>
      Tools
    </button>
    <div
      class="w-5/6 flex xl:flex-row md:flex-col mx-auto justify-end align-middle px-2"
      data-testid="toolbar-inner-container"
    >
      <div
        class="flex flex-row items-center justify-center md:my-2"
        data-testid="view-mocks-wrapper"
        id="view-mocks-wrapper"
      >
        <div
          class="inline-flex"
        >
          <button
            class="flex items-center justify-center gap-1 mx-auto shadow-md rounded-md text-center text-base font-semibold cursor-pointer hover:brightness-110 px-9 py-3 h-10 rounded-l-sm border-2 border-gray-400 rounded-r-none text-sm leading-tight hover:bg-black hover:bg-opacity-5 focus:outline-none focus:ring-0 transition duration-150 ease-in-out text-gray-500 w-fit bg-white"
            data-testid="active-mocks-view-btn"
            id="active-mocks-view-btn"
            name="ACTIVE"
          >
            <svg
              fill="currentColor"
              height="1em"
              name="ACTIVE"
              stroke="currentColor"
              stroke-width="0"
              viewBox="0 0 24 24"
              width="1em"
              xmlns="http://www.w3.org/2000/svg"
            >
              <path
                d="M0 0h24v24H0z"
                fill="none"
              />
              <path
                d="M9 16.2L4.8 12l-1.4 1.4L9 19 21 7l-1.4-1.4L9 16.2z"
              />
            </svg>
            Active
          </button>
          <button
            class="flex items-center justify-center gap-1 mx-auto shadow-md rounded-md text-center text-base font-semibold cursor-pointer hover:brightness-110 px-9 py-3 h-10 rounded-none text-sm border-t-2 border-b-2 border-gray-400 hover:bg-black hover:bg-opacity-5 focus:outline-none focus:ring-0 transition duration-150 ease-in-out text-gray-500 w-fit bg-white"
            data-testid="archived-mocks-view-btn"
            id="archived-mocks-view-btn"
            name="ARCHIVED"
          >
            <svg
              fill="currentColor"
              height="1em"
              name="ARCHIVED"
              stroke="currentColor"
              stroke-width="0"
              viewBox="0 0 24 24"
              width="1em"
              xmlns="http://www.w3.org/2000/svg"
            >
              <path
                d="M0 0h24v24H0z"
                fill="none"
              />
              <path
                d="M20.54 5.23l-1.39-1.68C18.88 3.21 18.47 3 18 3H6c-.47 0-.88.21-1.16.55L3.46 5.23C3.17 5.57 3 6.02 3 6.5V19c0 1.1.9 2 2 2h14c1.1 0 2-.9 2-2V6.5c0-.48-.17-.93-.46-1.27zM12 17.5L6.5 12H10v-2h4v2h3.5L12 17.5zM5.12 5l.81-1h12l.94 1H5.12z"
              />
            </svg>
            Archived
          </button>
          <button
            class="flex items-center justify-center gap-1 mx-auto shadow-md rounded-md text-center text-base font-semibold cursor-pointer hover:brightness-110 px-9 py-3 h-10 rounded-r-sm border-2 border-gray-400 rounded-l-none text-sm leading-tight hover:bg-black hover:bg-opacity-5 focus:outline-none focus:ring-0 transition duration-150 ease-in-out text-gray-500 w-fit bg-white"
            data-testid="recycle-bin-mocks-view-btn"
            id="recycle-bin-mocks-view-btn"
            name="DELETED"
          >
            <svg
              fill="currentColor"
              height="1em"
              name="DELETED"
              stroke="currentColor"
              stroke-width="0"
              viewBox="0 0 24 24"
              width="1em"
              xmlns="http://www.w3.org/2000/svg"
            >
              <path
                d="M0 0h24v24H0z"
                fill="none"
              />
              <path
                d="M6 19c0 1.1.9 2 2 2h8c1.1 0 2-.9 2-2V7H6v12zM19 4h-3.5l-1-1h-5l-1 1H5v2h14V4z"
              />
            </svg>
            Bin
          </button>
        </div>
      </div>
    </div>
  </div>
  <hr
    data-testid="toolbar-end-line"
  />
  <div
    class="w-full flex xl:flex-row md:flex-col mx-auto mt-6 mb-2 justify-center align-middle px-9 min-h-full"
    data-testid="content-area-container"
  >
    <div
      class="xl:w-1/4 flex flex-row mx-4 mt-4 md:w-full sm:w-full accordion"
      data-testid="sidebar-container"
    >
      <div
        class="w-full flex flex-col shadow-sm px-4 py-2 rounded-sm"
      >
        <span
          class="inline-flex items-center justify-center mb-4 text-gray-500"
          data-testid="sidebar-header"
        >
          <svg
            fill="currentColor"
            height="1em"
            stroke="currentColor"
            stroke-width="0"
            viewBox="0 0 640 512"
            width="1em"
            xmlns="http://www.w3.org/2000/svg"
          >
            <path
              d="M512.1 191l-8.2 14.3c-3 5.3-9.4 7.5-15.1 5.4-11.8-4.4-22.6-10.7-32.1-18.6-4.6-3.8-5.8-10.5-2.8-15.7l8.2-14.3c-6.9-8-12.3-17.3-15.9-27.4h-16.5c-6 0-11.2-4.3-12.2-10.3-2-12-2.1-24.6 0-37.1 1-6 6.2-10.4 12.2-10.4h16.5c3.6-10.1 9-19.4 15.9-27.4l-8.2-14.3c-3-5.2-1.9-11.9 2.8-15.7 9.5-7.9 20.4-14.2 32.1-18.6 5.7-2.1 12.1.1 15.1 5.4l8.2 14.3c10.5-1.9 21.2-1.9 31.7 0L552 6.3c3-5.3 9.4-7.5 15.1-5.4 11.8 4.4 22.6 10.7 32.1 18.6 4.6 3.8 5.8 10.5 2.8 15.7l-8.2 14.3c6.9 8 12.3 17.3 15.9 27.4h16.5c6 0 11.2 4.3 12.2 10.3 2 12 2.1 24.6 0 37.1-1 6-6.2 10.4-12.2 10.4h-16.5c-3.6 10.1-9 19.4-15.9 27.4l8.2 14.3c3 5.2 1.9 11.9-2.8 15.7-9.5 7.9-20.4 14.2-32.1 18.6-5.7 2.1-12.1-.1-15.1-5.4l-8.2-14.3c-10.4 1.9-21.2 1.9-31.7 0zm-10.5-58.8c38.5 29.6 82.4-14.3 52.8-52.8-38.5-29.7-82.4 14.3-52.8 52.8zM386.3 286.1l33.7 16.8c10.1 5.8 14.5 18.1 10.5 29.1-8.9 24.2-26.4 46.4-42.6 65.8-7.4 8.9-20.2 11.1-30.3 5.3l-29.1-16.8c-16 13.7-34.6 24.6-54.9 31.7v33.6c0 11.6-8.3 21.6-19.7 23.6-24.6 4.2-50.4 4.4-75.9 0-11.5-2-20-11.9-20-23.6V418c-20.3-7.2-38.9-18-54.9-31.7L74 403c-10 5.8-22.9 3.6-30.3-5.3-16.2-19.4-33.3-41.6-42.2-65.7-4-10.9.4-23.2 10.5-29.1l33.3-16.8c-3.9-20.9-3.9-42.4 0-63.4L12 205.8c-10.1-5.8-14.6-18.1-10.5-29 8.9-24.2 26-46.4 42.2-65.8 7.4-8.9 20.2-11.1 30.3-5.3l29.1 16.8c16-13.7 34.6-24.6 54.9-31.7V57.1c0-11.5 8.2-21.5 19.6-23.5 24.6-4.2 50.5-4.4 76-.1 11.5 2 20 11.9 20 23.6v33.6c20.3 7.2 38.9 18 54.9 31.7l29.1-16.8c10-5.8 22.9-3.6 30.3 5.3 16.2 19.4 33.2 41.6 42.1 65.8 4 10.9.1 23.2-10 29.1l-33.7 16.8c3.9 21 3.9 42.5 0 63.5zm-117.6 21.1c59.2-77-28.7-164.9-105.7-105.7-59.2 77 28.7 164.9 105.7 105.7zm243.4 182.7l-8.2 14.3c-3 5.3-9.4 7.5-15.1 5.4-11.8-4.4-22.6-10.7-32.1-18.6-4.6-3.8-5.8-10.5-2.8-15.7l8.2-14.3c-6.9-8-12.3-17.3-15.9-27.4h-16.5c-6 0-11.2-4.3-12.2-10.3-2-12-2.1-24.6 0-37.1 1-6 6.2-10.4 12.2-10.4h16.5c3.6-10.1 9-19.4 15.9-27.4l-8.2-14.3c-3-5.2-1.9-11.9 2.8-15.7 9.5-7.9 20.4-14.2 32.1-18.6 5.7-2.1 12.1.1 15.1 5.4l8.2 14.3c10.5-1.9 21.2-1.9 31.7 0l8.2-14.3c3-5.3 9.4-7.5 15.1-5.4 11.8 4.4 22.6 10.7 32.1 18.6 4.6 3.8 5.8 10.5 2.8 15.7l-8.2 14.3c6.9 8 12.3 17.3 15.9 27.4h16.5c6 0 11.2 4.3 12.2 10.3 2 12 2.1 24.6 0 37.1-1 6-6.2 10.4-12.2 10.4h-16.5c-3.6 10.1-9 19.4-15.9 27.4l8.2 14.3c3 5.2 1.9 11.9-2.8 15.7-9.5 7.9-20.4 14.2-32.1 18.6-5.7 2.1-12.1-.1-15.1-5.4l-8.2-14.3c-10.4 1.9-21.2 1.9-31.7 0zM501.6 431c38.5 29.6 82.4-14.3 52.8-52.8-38.5-29.6-82.4 14.3-52.8 52.8z"
            />
          </svg>
           
          <div
            class="font-sans text-xl text-center font-bold select-none my-1 mx-1"
          >
            Tools
          </div>
        </span>
        <div
          class="flex flex-col mx-2 my-2"
          data-testid="bulk-operations"
        >
          <label
            class="form-check-label inline-block text-gray-400 text-sm underline underline-offset-1 mb-1"
          >
            Bulk Operations
          </label>
          <div
            class="flex flex-row flex-wrap justify-start align-items mx-2 mt-2"
          >
            <div
              class="text-center px-2 py-1 my-1 mx-2 cursor-pointer bg-white text-gray-500 border-l-4 border-t-2 border-b-2 border-r-2 rounded-sm border-gray-400 shadow-sm hover:bg-black hover:bg-opacity-5 transition duration-150 ease-in-out sc-gsDKAQ"
              data-testid="export-mocks-btn"
              id="export-mocks-btn"
              name="exportMocks"
              title="Export Mocks"
            >
              <span
                class="inline-flex items-center justify-between gap-1"
              >
                <svg
                  fill="currentColor"
                  height="1em"
                  stroke="currentColor"
                  stroke-width="0"
                  viewBox="0 0 384 512"
                  width="1em"
                  xmlns="http://www.w3.org/2000/svg"
                >
                  <path
                    d="M224 136V0H24C10.7 0 0 10.7 0 24v464c0 13.3 10.7 24 24 24h336c13.3 0 24-10.7 24-24V160H248c-13.2 0-24-10.8-24-24zm76.45 211.36l-96.42 95.7c-6.65 6.61-17.39 6.61-24.04 0l-96.42-95.7C73.42 337.29 80.54 320 94.82 320H160v-80c0-8.84 7.16-16 16-16h32c8.84 0 16 7.16 16 16v80h65.18c14.28 0 21.4 17.29 11.27 27.36zM377 105L279.1 7c-4.5-4.5-10.6-7-17-7H256v128h128v-6.1c0-6.3-2.5-12.4-7-16.9z"
                  />
                </svg>
                 
                Export
              </span>
            </div>
            <div
              class="text-center px-2 py-1 my-1 mx-2 cursor-pointer bg-white text-gray-500 border-l-4 border-t-2 border-b-2 border-r-2 rounded-sm border-gray-400 shadow-sm hover:bg-black hover:bg-opacity-5 transition duration-150 ease-in-out sc-dkPtRN"
              data-testid="import-mocks-btn"
              id="import-mocks-btn"
              name="importMocks"
              title="Import Mocks"
            >
              <span
                class="inline-flex items-center justify-between gap-1"
              >
                <svg
                  fill="currentColor"
                  height="1em"
                  stroke="currentColor"
                  stroke-width="0"
                  viewBox="0 0 384 512"
                  width="1em"
                  xmlns="http://www.w3.org/2000/svg"
                >
                  <path
                    d="M224 136V0H24C10.7 0 0 10.7 0 24v464c0 13.3 10.7 24 24 24h336c13.3 0 24-10.7 24-24V160H248c-13.2 0-24-10.8-24-24zm65.18 216.01H224v80c0 8.84-7.16 16-16 16h-32c-8.84 0-16-7.16-16-16v-80H94.82c-14.28 0-21.41-17.29-11.27-27.36l96.42-95.7c6.65-6.61 17.39-6.61 24.04 0l96.42 95.7c10.15 10.07 3.03 27.36-11.25 27.36zM377 105L279.1 7c-4.5-4.5-10.6-7-17-7H256v128h128v-6.1c0-6.3-2.5-12.4-7-16.9z"
                  />
                </svg>
                 
                Import
              </span>
            </div>
          </div>
        </div>
        <div
          class="flex flex-col mx-2 my-2"
          data-testid="badge-filters"
        >
          <label
            class="form-check-label inline-block text-gray-400 text-sm underline underline-offset-1 mb-1"
          >
            Filter By HTTP Method
          </label>
          <div
            class="flex flex-row flex-wrap justify-start align-items mx-2 mt-2"
          >
            <div
              class="text-center px-2 py-1 rounded-md shadow-sm select-none my-1 mx-2 cursor-pointer border-2 border-blue-500 text-blue-500"
              data-testid="badge-filter_0"
              id="badge-filter_0"
            >
              GET
            </div>
            <div
              class="text-center px-2 py-1 rounded-md shadow-sm select-none my-1 mx-2 cursor-pointer border-2 border-green-500 text-green-500"
              data-testid="badge-filter_1"
              id="badge-filter_1"
            >
              POST
            </div>
            <div
              class="text-center px-2 py-1 rounded-md shadow-sm select-none my-1 mx-2 cursor-pointer border-2 border-yellow-500 text-yellow-500"
              data-testid="badge-filter_2"
              id="badge-filter_2"
            >
              PUT
            </div>
            <div
              class="text-center px-2 py-1 rounded-md shadow-sm select-none my-1 mx-2 cursor-pointer border-2 border-red-500 text-red-500"
              data-testid="badge-filter_3"
              id="badge-filter_3"
            >
              DELETE
            </div>
            <div
              class="text-center px-2 py-1 rounded-md shadow-sm select-none my-1 mx-2 cursor-pointer border-2 border-yellow-900 text-yellow-900"
              data-testid="badge-filter_4"
              id="badge-filter_4"
            >
              PATCH
            </div>
            <div
              class="text-center px-2 py-1 rounded-md shadow-sm select-none my-1 mx-2 cursor-pointer border-2 border-pink-500 text-pink-500"
              data-testid="badge-filter_5"
              id="badge-filter_5"
            >
              CONNECT
            </div>
            <div
              class="text-center px-2 py-1 rounded-md shadow-sm select-none my-1 mx-2 cursor-pointer border-2 border-indigo-500 text-indigo-500"
              data-testid="badge-filter_6"
              id="badge-filter_6"
            >
              HEAD
            </div>
            <div
              class="text-center px-2 py-1 rounded-md shadow-sm select-none my-1 mx-2 cursor-pointer border-2 border-violet-500 text-violet-500"
              data-testid="badge-filter_7"
              id="badge-filter_7"
            >
              TRACE
            </div>
          </div>
        </div>
        <div
          class="flex flex-col mx-2 my-2"
          data-testid="response-types"
        >
          <label
            class="form-check-label inline-block text-gray-400 text-sm underline underline-offset-1 mb-1"
          >
            Filter By Response Type
          </label>
          <div
            class="form-check"
          >
            <input
              class="form-check-input appearance-none rounded-full h-4 w-4 border border-gray-300 rounded-sm bg-white checked:bg-teal-600 checked:border-teal-600 focus:outline-none transition duration-200 mt-1 align-top bg-no-repeat bg-center bg-contain float-left mr-2 cursor-pointer"
              data-testid="response_type_0"
              id="response_type_0"
              name="response-type"
              type="radio"
              value="TEXTUAL_RESPONSE"
            />
            <label
              class="form-check-label inline-block text-xs text-gray-400"
              for="response_type_0"
            >
              Textual Response
            </label>
          </div>
          <div
            class="form-check"
          >
            <input
              class="form-check-input appearance-none rounded-full h-4 w-4 border border-gray-300 rounded-sm bg-white checked:bg-teal-600 checked:border-teal-600 focus:outline-none transition duration-200 mt-1 align-top bg-no-repeat bg-center bg-contain float-left mr-2 cursor-pointer"
              data-testid="response_type_1"
              id="response_type_1"
              name="response-type"
              type="radio"
              value="BINARY_RESPONSE"
            />
            <label
              class="form-check-label inline-block text-xs text-gray-400"
              for="response_type_1"
            >
              Binary Response
            </label>
          </div>
          <div
            class="form-check"
          >
            <input
              class="form-check-input appearance-none rounded-full h-4 w-4 border border-gray-300 rounded-sm bg-white checked:bg-teal-600 checked:border-teal-600 focus:outline-none transition duration-200 mt-1 align-top bg-no-repeat bg-center bg-contain float-left mr-2 cursor-pointer"
              data-testid="response_type_2"
              id="response_type_2"
              name="response-type"
              type="radio"
              value="EMPTY_RESPONSE"
            />
            <label
              class="form-check-label inline-block text-xs text-gray-400"
              for="response_type_2"
            >
              No Response
            </label>
          </div>
        </div>
        <div
          class="flex flex-col mx-2 my-2"
          data-testid="sort-selectors"
        >
          <label
            class="form-check-label inline-block text-gray-400 text-sm underline underline-offset-1 mb-1 inline-flex justify-between"
            for="sort-selector"
          >
            Sort By
            <span
              class="flex flex-row align-middle items-center justify-end gap-0.5"
            >
              <button
                class="inline-flex align-middle items-center cursor-pointer gap-0.5 text-sm font-light text-truncate text-gray-500 px-1 py-0.5"
                name="asc"
              >
                <svg
                  fill="currentColor"
                  height="1em"
                  stroke="currentColor"
                  stroke-width="0"
                  viewBox="0 0 512 512"
                  width="1em"
                  xmlns="http://www.w3.org/2000/svg"
                >
                  <path
                    d="M304 416h-64a16 16 0 0 0-16 16v32a16 16 0 0 0 16 16h64a16 16 0 0 0 16-16v-32a16 16 0 0 0-16-16zM16 160h48v304a16 16 0 0 0 16 16h32a16 16 0 0 0 16-16V160h48c14.21 0 21.38-17.24 11.31-27.31l-80-96a16 16 0 0 0-22.62 0l-80 96C-5.35 142.74 1.77 160 16 160zm416 0H240a16 16 0 0 0-16 16v32a16 16 0 0 0 16 16h192a16 16 0 0 0 16-16v-32a16 16 0 0 0-16-16zm-64 128H240a16 16 0 0 0-16 16v32a16 16 0 0 0 16 16h128a16 16 0 0 0 16-16v-32a16 16 0 0 0-16-16zM496 32H240a16 16 0 0 0-16 16v32a16 16 0 0 0 16 16h256a16 16 0 0 0 16-16V48a16 16 0 0 0-16-16z"
                  />
                </svg>
                 ASC
              </button>
              <button
                class="inline-flex align-middle items-center cursor-pointer gap-0.5 text-sm font-light text-truncate text-gray-500 px-1 py-0.5"
                name="desc"
              >
                <svg
                  fill="currentColor"
                  height="1em"
                  stroke="currentColor"
                  stroke-width="0"
                  viewBox="0 0 512 512"
                  width="1em"
                  xmlns="http://www.w3.org/2000/svg"
                >
                  <path
                    d="M304 416h-64a16 16 0 0 0-16 16v32a16 16 0 0 0 16 16h64a16 16 0 0 0 16-16v-32a16 16 0 0 0-16-16zm-128-64h-48V48a16 16 0 0 0-16-16H80a16 16 0 0 0-16 16v304H16c-14.19 0-21.37 17.24-11.29 27.31l80 96a16 16 0 0 0 22.62 0l80-96C197.35 369.26 190.22 352 176 352zm256-192H240a16 16 0 0 0-16 16v32a16 16 0 0 0 16 16h192a16 16 0 0 0 16-16v-32a16 16 0 0 0-16-16zm-64 128H240a16 16 0 0 0-16 16v32a16 16 0 0 0 16 16h128a16 16 0 0 0 16-16v-32a16 16 0 0 0-16-16zM496 32H240a16 16 0 0 0-16 16v32a16 16 0 0 0 16 16h256a16 16 0 0 0 16-16V48a16 16 0 0 0-16-16z"
                  />
                </svg>
                 DESC
              </button>
            </span>
          </label>
          <select
            class="w-full justify-center border-2 rounded-sm border-gray-200 text-teal-500 text-sm outline-none mx-2 my-2"
            data-testid="sort-selector"
            id="sort-selector"
          >
            <option
              class="bg-white truncate rounded-sm outline-none text-gray-400"
              disabled=""
              hidden=""
              selected=""
              value=""
            >
              Choose...
            </option>
            <option
              class="bg-white truncate rounded-sm outline-none text-gray-400"
              value="mockName"
            >
              Mock Name
            </option>
            <option
              class="bg-white truncate rounded-sm outline-none text-gray-400"
              value="httpMethod"
            >
              Http Method
            </option>
            <option
              class="bg-white truncate rounded-sm outline-none text-gray-400"
              value="statusCode"
            >
              Status Code
            </option>
            <option
              class="bg-white truncate rounded-sm outline-none text-gray-400"
              value="route"
            >
              Route
            </option>
            <option
              class="bg-white truncate rounded-sm outline-none text-gray-400"
              value="createdAt"
            >
              Time Created
            </option>
            <option
              class="bg-white truncate rounded-sm outline-none text-gray-400"
              value="updatedAt"
            >
              Last Modified
            </option>
          </select>
        </div>
      </div>
    </div>
    <div
      class="flex flex-col justify-start align-middle w-full px-9 mt-4 mb-2"
      data-testid="list-container"
    >
      <span
        class="css-srux5c-LoaderStyle"
      >
        <span
          class="css-ilyd5x"
        />
        <span
          class="css-80tgv6"
        />
      </span>
    </div>
  </div>
</div>
`;
