// Jest Snapshot v1, https://goo.gl/fbAQLP

exports[`Custom Button should render custom button with color and bgcolor 1`] = `
<div>
  <button
    class="px-9 py-2 mx-auto shadow-md rounded-md text-center text-base font-semibold cursor-pointer hover:brightness-110 text-yellow-700 w-5/6 bg-yellow-300"
    data-testid="custom-button-test-1"
  >
    Custom button
  </button>
</div>
`;

exports[`Custom Button should render custom button without any props 1`] = `
<div>
  <button
    class="px-9 py-2 mx-auto shadow-md rounded-md text-center text-base font-semibold cursor-pointer hover:brightness-110 w-fit"
    data-testid="custom-button-test-2"
  >
    Hello
  </button>
</div>
`;
